[accounts.google.com/signin/v2/identifier.0840f.delayed]
[accounts.google.com/ServiceLogin840f.html]
[backblue.gif]
[fade.gif]
[index.html]
[ssl.gstatic.com/ui/v1/menu/checkmark.png]
[ssl.gstatic.com/accounts/ui/logo_1x.png]
[ssl.gstatic.com/images/branding/googlelogo/1x/googlelogo_color_112x36dp.png]
[ssl.gstatic.com/accounts/ui/logo_2x.png]
[ssl.gstatic.com/images/branding/googlelogo/2x/googlelogo_color_112x36dp.png]
[ssl.gstatic.com/accounts/ui/wlogostrip_230x17_1x.png]
[ssl.gstatic.com/accounts/ui/wlogostrip_230x17_2x.png]
[ssl.gstatic.com/ui/v1/icons/common/x_8px.png]
[ssl.gstatic.com/accounts/ui/avatar_2x.png]
[accounts.google.com/signin/usernamerecoveryf873.html]
[accounts.google.com/AccountChooser.c840f.delayed]
[accounts.google.com/ServiceLogined7e.html]
[accounts.google.com/SignUpc995.html]
[accounts.google.com/TOS.fc7d4.delayed]
[accounts.google.com/TOS.108e05.delayed]
[ssl.gstatic.com/images/icons/ui/common/universal_language_settings-21.png]
[accounts.google.com/ServiceLogin840f.html]
[accounts.google.com/signin/usernamerecoveryf873.html]
[accounts.google.com/signin/usernamerecovery0cf2.html]
[accounts.google.com/AccountChooser.15b1e8.delayed]
[accounts.google.com/ServiceLogined7e.html]
[accounts.google.com/SignUp0cf2.html]
[ssl.gstatic.com/ui/v1/dialog/close-x.png]
[ssl.gstatic.com/i18n/phonenumbers/phoneinputwidget/flags4.png]
[ssl.gstatic.com/ui/v1/disclosure/grey-disclosure-arrow-up-down.png]
[ssl.gstatic.com/i18n/phonenumbers/phoneinputwidget/phone-input-arrow.png]
[ssl.gstatic.com/accounts/ui/wlogostrip_325x24_1x.png]
[ssl.gstatic.com/accounts/signup/devices_1x.png]
[ssl.gstatic.com/accounts/ui/wlogostrip_325x24_2x.png]
[ssl.gstatic.com/accounts/signup/devices_2x.png]
[ssl.gstatic.com/accounts/ui/refresh_white.png]
[accounts.google.com/+/index.html]
[accounts.google.com/ServiceLogin00be.html]
[accounts.google.com/SignUpWithoutGmailde3c.html]
[www.gstatic.com/images/icons/material/system/2x/keyboard_arrow_down_white_24dp.png]
[accounts.google.com/signin/recoveryb407.html]
[accounts.google.com/POST.29.delayed]
[accounts.google.com/GET.2a.delayed]
[accounts.google.com/SignUpc995.html]
[accounts.google.com/signin/usernamerecovery0cf2.html]
[accounts.google.com/ServiceLogin02b9.html]
[accounts.google.com/SignUp0cf2.html]
[accounts.google.com/+/index.html]
[accounts.google.com/SignUpWithoutGmail5636.html]
[accounts.google.com/signin/usernamerecoveryfbcf.html]
[accounts.google.com/AccountChooser.3300be.delayed]
[accounts.google.com/ServiceLoginb8f8.html]
[accounts.google.com/ServiceLogin00be.html]
[accounts.google.com/SignUpb407.html]
[accounts.google.com/SignUpWithoutGmailde3c.html]
[accounts.google.com/signin/recoveryb407.html]
[accounts.google.com/POST.html]
[accounts.google.com/GET.html]
[accounts.google.com/SignUpWithoutGmail0cf2.html]
[accounts.google.com/AccountChooser.3f02b9.delayed]
[accounts.google.com/ServiceLogin02b9.html]
[accounts.google.com/SignUpWithoutGmail5636.html]
[accounts.google.com/signin/usernamerecoveryfbcf.html]
[accounts.google.com/SignUp5636.html]
[accounts.google.com/AccountChooser.48cd16.delayed]
[accounts.google.com/ServiceLoginb8f8.html]
[accounts.google.com/ServiceLogin07d6.html]
[accounts.google.com/SignUpb407.html]
[accounts.google.com/SignUpWithoutGmailf04d.html]
[accounts.google.com/ServiceLogin7fdf.html]
[accounts.google.com/SignUpWithoutGmail0cf2.html]
[accounts.google.com/SignUp5636.html]
[accounts.google.com/SignUpcbde.html]
[accounts.google.com/AccountChooser.5807d6.delayed]
[accounts.google.com/ServiceLogin07d6.html]
[accounts.google.com/SignUpde3c]
[accounts.google.com/SignUpWithoutGmailf04d.html]
[accounts.google.com/SignUpf04d.html]
[accounts.google.com/AccountChooser.5f7fdf.delayed]
[accounts.google.com/ServiceLogin7fdf.html]
[accounts.google.com/SignUpcbde.html]
[accounts.google.com/SignUpde3c]
[accounts.google.com/SignUpf04d.html]
[accounts.google.com/SignUpWithoutGmailcbde.html]
[accounts.google.com/SignUpWithoutGmailcbde.html]
